// Jest Snapshot v1, https://goo.gl/fbAQLP

exports[`should render empty expenses message 1`] = `
<div>
  <p>
    No expenses
  </p>
</div>
`;

exports[`should render expense list with expenses 1`] = `
<div>
  <ExpenseListItem
    amount={10000}
    createdAt={0}
    description="food"
    id="1"
    key="1"
    note=""
  />
  <ExpenseListItem
    amount={0}
    createdAt={-864000000}
    description="rent"
    id="2"
    key="2"
    note=""
  />
  <ExpenseListItem
    amount={20000}
    createdAt={864000000}
    description="power"
    id="3"
    key="3"
    note=""
  />
</div>
`;
