// Jest Snapshot v1, https://goo.gl/fbAQLP

exports[`should render expenseListItem with expense 1`] = `
<Link
  className="list-item"
  to="/edit/1"
>
  <div>
    <h4
      className="list-item__title"
    >
      food
    </h4>
    <span
      className="list-item__date"
    >
      January 1st 1970
    </span>
  </div>
  <div>
    <h3
      className="list-item__amount"
    >
      $100.00
    </h3>
  </div>
</Link>
`;
